{type: lbrace, value: "{", position: 0}
{type: string, value: "user", position: 7}
{type: colon, value: ":", position: 7}
{type: lbrace, value: "{", position: 9}
{type: string, value: "name", position: 16}
{type: colon, value: ":", position: 16}
{type: string, value: "John", position: 24}
{type: comma, value: ",", position: 24}
{type: string, value: "address", position: 35}
{type: colon, value: ":", position: 35}
{type: lbrace, value: "{", position: 37}
{type: string, value: "city", position: 44}
{type: colon, value: ":", position: 44}
{type: string, value: "NYC", position: 51}
{type: rbrace, value: "}", position: 51}
{type: rbrace, value: "}", position: 52}
{type: comma, value: ",", position: 53}
{type: string, value: "active", position: 63}
{type: colon, value: ":", position: 63}
{type: boolean, value: true, position: 69}
{type: rbrace, value: "}", position: 69}
{type: eof, value: nil, position: 70}