=== INPUT ===
{
  "strings": {
    "newline": "line1\nline2",
    "tab": "before\ttab\tafter",
    "quotes": "He said \"Hello\"",
    "backslash": "C:\\Windows\\System32",
    "unicode": "Unicode: \u0041\u0042\u0043",
    "empty": ""
  },
  "numbers": {
    "integer": 42,
    "negative": -123,
    "float": 3.14159,
    "scientific": 1.23e-10,
    "large": 9007199254740991,
    "zero": 0
  },
  "booleans": {
    "true": true,
    "false": false
  },
  "nulls": {
    "null_value": null
  },
  "special": {
    "infinity": 1e1000,
    "negative_infinity": -1e1000,
    "nan": null
  }
}


=== TOKENS ===
{type: lbrace, value: "{", position: 0}
{type: string, value: "strings", position: 13}
{type: colon, value: ":", position: 13}
{type: lbrace, value: "{", position: 15}
{type: string, value: "newline", position: 30}
{type: colon, value: ":", position: 30}
{type: string, value: "line1\nline2", position: 46}
{type: comma, value: ",", position: 46}
{type: string, value: "tab", position: 57}
{type: colon, value: ":", position: 57}
{type: string, value: "before\ttab\tafter", position: 79}
{type: comma, value: ",", position: 79}
{type: string, value: "quotes", position: 93}
{type: colon, value: ":", position: 93}
{type: string, value: "He said \"Hello\"", position: 114}
{type: comma, value: ",", position: 114}
{type: string, value: "backslash", position: 131}
{type: colon, value: ":", position: 131}
{type: string, value: "C:\\Windows\\System32", position: 156}
{type: comma, value: ",", position: 156}
{type: string, value: "unicode", position: 171}
{type: colon, value: ":", position: 171}
{type: string, value: "Unicode: ABC", position: 202}
{type: comma, value: ",", position: 202}
{type: string, value: "empty", position: 215}
{type: colon, value: ":", position: 215}
{type: string, value: "", position: 219}
{type: rbrace, value: "}", position: 222}
{type: comma, value: ",", position: 223}
{type: string, value: "numbers", position: 236}
{type: colon, value: ":", position: 236}
{type: lbrace, value: "{", position: 238}
{type: string, value: "integer", position: 253}
{type: colon, value: ":", position: 253}
{type: number, value: 42, position: 257}
{type: comma, value: ",", position: 257}
{type: string, value: "negative", position: 273}
{type: colon, value: ":", position: 273}
{type: number, value: -123, position: 279}
{type: comma, value: ",", position: 279}
{type: string, value: "float", position: 292}
{type: colon, value: ":", position: 292}
{type: number, value: 3.14159, position: 301}
{type: comma, value: ",", position: 301}
{type: string, value: "scientific", position: 319}
{type: colon, value: ":", position: 319}
{type: number, value: 1.23e-10, position: 329}
{type: comma, value: ",", position: 329}
{type: string, value: "large", position: 342}
{type: colon, value: ":", position: 342}
{type: number, value: 9007199254740991, position: 360}
{type: comma, value: ",", position: 360}
{type: string, value: "zero", position: 372}
{type: colon, value: ":", position: 372}
{type: number, value: 0, position: 375}
{type: rbrace, value: "}", position: 378}
{type: comma, value: ",", position: 379}
{type: string, value: "booleans", position: 393}
{type: colon, value: ":", position: 393}
{type: lbrace, value: "{", position: 395}
{type: string, value: "true", position: 407}
{type: colon, value: ":", position: 407}
{type: boolean, value: true, position: 413}
{type: comma, value: ",", position: 413}
{type: string, value: "false", position: 426}
{type: colon, value: ":", position: 426}
{type: boolean, value: false, position: 433}
{type: rbrace, value: "}", position: 436}
{type: comma, value: ",", position: 437}
{type: string, value: "nulls", position: 448}
{type: colon, value: ":", position: 448}
{type: lbrace, value: "{", position: 450}
{type: string, value: "null_value", position: 468}
{type: colon, value: ":", position: 468}
{type: null, value: nil, position: 474}
{type: rbrace, value: "}", position: 477}
{type: comma, value: ",", position: 478}
{type: string, value: "special", position: 491}
{type: colon, value: ":", position: 491}
{type: lbrace, value: "{", position: 493}
{type: string, value: "infinity", position: 509}
{type: colon, value: ":", position: 509}
{type: number, value: Infinity, position: 517}
{type: comma, value: ",", position: 517}
{type: string, value: "negative_infinity", position: 542}
{type: colon, value: ":", position: 542}
{type: number, value: -Infinity, position: 551}
{type: comma, value: ",", position: 551}
{type: string, value: "nan", position: 562}
{type: colon, value: ":", position: 562}
{type: null, value: nil, position: 568}
{type: rbrace, value: "}", position: 571}
{type: rbrace, value: "}", position: 573}
{type: eof, value: nil, position: 575}

=== AST ===
{
  "type": "object",
  "value": null,
  "children": [
    {
      "type": "pair",
      "value": null,
      "children": [
        {
          "type": "string",
          "value": "strings",
          "children": [],
          "metadata": {}
        },
        {
          "type": "object",
          "value": null,
          "children": [
            {
              "type": "pair",
              "value": null,
              "children": [
                {
                  "type": "string",
                  "value": "newline",
                  "children": [],
                  "metadata": {}
                },
                {
                  "type": "string",
                  "value": "line1\nline2",
                  "children": [],
                  "metadata": {}
                }
              ],
              "metadata": {}
            },
            {
              "type": "pair",
              "value": null,
              "children": [
                {
                  "type": "string",
                  "value": "tab",
                  "children": [],
                  "metadata": {}
                },
                {
                  "type": "string",
                  "value": "before\ttab\tafter",
                  "children": [],
                  "metadata": {}
                }
              ],
              "metadata": {}
            },
            {
              "type": "pair",
              "value": null,
              "children": [
                {
                  "type": "string",
                  "value": "quotes",
                  "children": [],
                  "metadata": {}
                },
                {
                  "type": "string",
                  "value": "He said \"Hello\"",
                  "children": [],
                  "metadata": {}
                }
              ],
              "metadata": {}
            },
            {
              "type": "pair",
              "value": null,
              "children": [
                {
                  "type": "string",
                  "value": "backslash",
                  "children": [],
                  "metadata": {}
                },
                {
                  "type": "string",
                  "value": "C:\\Windows\\System32",
                  "children": [],
                  "metadata": {}
                }
              ],
              "metadata": {}
            },
            {
              "type": "pair",
              "value": null,
              "children": [
                {
                  "type": "string",
                  "value": "unicode",
                  "children": [],
                  "metadata": {}
                },
                {
                  "type": "string",
                  "value": "Unicode: ABC",
                  "children": [],
                  "metadata": {}
                }
              ],
              "metadata": {}
            },
            {
              "type": "pair",
              "value": null,
              "children": [
                {
                  "type": "string",
                  "value": "empty",
                  "children": [],
                  "metadata": {}
                },
                {
                  "type": "string",
                  "value": "",
                  "children": [],
                  "metadata": {}
                }
              ],
              "metadata": {}
            }
          ],
          "metadata": {}
        }
      ],
      "metadata": {}
    },
    {
      "type": "pair",
      "value": null,
      "children": [
        {
          "type": "string",
          "value": "numbers",
          "children": [],
          "metadata": {}
        },
        {
          "type": "object",
          "value": null,
          "children": [
            {
              "type": "pair",
              "value": null,
              "children": [
                {
                  "type": "string",
                  "value": "integer",
                  "children": [],
                  "metadata": {}
                },
                {
                  "type": "number",
                  "value": 42,
                  "children": [],
                  "metadata": {}
                }
              ],
              "metadata": {}
            },
            {
              "type": "pair",
              "value": null,
              "children": [
                {
                  "type": "string",
                  "value": "negative",
                  "children": [],
                  "metadata": {}
                },
                {
                  "type": "number",
                  "value": -123,
                  "children": [],
                  "metadata": {}
                }
              ],
              "metadata": {}
            },
            {
              "type": "pair",
              "value": null,
              "children": [
                {
                  "type": "string",
                  "value": "float",
                  "children": [],
                  "metadata": {}
                },
                {
                  "type": "number",
                  "value": 3.14159,
                  "children": [],
                  "metadata": {}
                }
              ],
              "metadata": {}
            },
            {
              "type": "pair",
              "value": null,
              "children": [
                {
                  "type": "string",
                  "value": "scientific",
                  "children": [],
                  "metadata": {}
                },
                {
                  "type": "number",
                  "value": 1.23e-10,
                  "children": [],
                  "metadata": {}
                }
              ],
              "metadata": {}
            },
            {
              "type": "pair",
              "value": null,
              "children": [
                {
                  "type": "string",
                  "value": "large",
                  "children": [],
                  "metadata": {}
                },
                {
                  "type": "number",
                  "value": 9007199254740991,
                  "children": [],
                  "metadata": {}
                }
              ],
              "metadata": {}
            },
            {
              "type": "pair",
              "value": null,
              "children": [
                {
                  "type": "string",
                  "value": "zero",
                  "children": [],
                  "metadata": {}
                },
                {
                  "type": "number",
                  "value": 0,
                  "children": [],
                  "metadata": {}
                }
              ],
              "metadata": {}
            }
          ],
          "metadata": {}
        }
      ],
      "metadata": {}
    },
    {
      "type": "pair",
      "value": null,
      "children": [
        {
          "type": "string",
          "value": "booleans",
          "children": [],
          "metadata": {}
        },
        {
          "type": "object",
          "value": null,
          "children": [
            {
              "type": "pair",
              "value": null,
              "children": [
                {
                  "type": "string",
                  "value": "true",
                  "children": [],
                  "metadata": {}
                },
                {
                  "type": "boolean",
                  "value": true,
                  "children": [],
                  "metadata": {}
                }
              ],
              "metadata": {}
            },
            {
              "type": "pair",
              "value": null,
              "children": [
                {
                  "type": "string",
                  "value": "false",
                  "children": [],
                  "metadata": {}
                },
                {
                  "type": "boolean",
                  "value": false,
                  "children": [],
                  "metadata": {}
                }
              ],
              "metadata": {}
            }
          ],
          "metadata": {}
        }
      ],
      "metadata": {}
    },
    {
      "type": "pair",
      "value": null,
      "children": [
        {
          "type": "string",
          "value": "nulls",
          "children": [],
          "metadata": {}
        },
        {
          "type": "object",
          "value": null,
          "children": [
            {
              "type": "pair",
              "value": null,
              "children": [
                {
                  "type": "string",
                  "value": "null_value",
                  "children": [],
                  "metadata": {}
                },
                {
                  "type": "null",
                  "value": null,
                  "children": [],
                  "metadata": {}
                }
              ],
              "metadata": {}
            }
          ],
          "metadata": {}
        }
      ],
      "metadata": {}
    },
    {
      "type": "pair",
      "value": null,
      "children": [
        {
          "type": "string",
          "value": "special",
          "children": [],
          "metadata": {}
        },
        {
          "type": "object",
          "value": null,
          "children": [
            {
              "type": "pair",
              "value": null,
              "children": [
                {
                  "type": "string",
                  "value": "infinity",
                  "children": [],
                  "metadata": {}
                },
                {
                  "type": "number",
                  "value": "Infinity",
                  "children": [],
                  "metadata": {}
                }
              ],
              "metadata": {}
            },
            {
              "type": "pair",
              "value": null,
              "children": [
                {
                  "type": "string",
                  "value": "negative_infinity",
                  "children": [],
                  "metadata": {}
                },
                {
                  "type": "number",
                  "value": "-Infinity",
                  "children": [],
                  "metadata": {}
                }
              ],
              "metadata": {}
            },
            {
              "type": "pair",
              "value": null,
              "children": [
                {
                  "type": "string",
                  "value": "nan",
                  "children": [],
                  "metadata": {}
                },
                {
                  "type": "null",
                  "value": null,
                  "children": [],
                  "metadata": {}
                }
              ],
              "metadata": {}
            }
          ],
          "metadata": {}
        }
      ],
      "metadata": {}
    }
  ],
  "metadata": {}
}

=== UOM ===
{
  "strings": {
    "newline": "line1\nline2",
    "tab": "before\ttab\tafter",
    "quotes": "He said \"Hello\"",
    "backslash": "C:\\Windows\\System32",
    "unicode": "Unicode: ABC",
    "empty": ""
  },
  "numbers": {
    "integer": 42,
    "negative": -123,
    "float": 3.14159,
    "scientific": 1.23e-10,
    "large": 9007199254740991,
    "zero": 0
  },
  "booleans": {
    "true": true,
    "false": false
  },
  "nulls": {
    "null_value": null
  },
  "special": {
    "infinity": "Infinity",
    "negative_infinity": "-Infinity",
    "nan": null
  }
}

=== OUTPUT ===
{
  "strings": {
    "newline": "line1\nline2",
    "tab": "before\ttab\tafter",
    "quotes": "He said \"Hello\"",
    "backslash": "C:\\Windows\\System32",
    "unicode": "Unicode: ABC",
    "empty": ""
  },
  "numbers": {
    "integer": 42,
    "negative": -123,
    "float": 3.14159,
    "scientific": 1.23e-10,
    "large": 9007199254740991,
    "zero": 0
  },
  "booleans": {
    "true": true,
    "false": false
  },
  "nulls": {
    "null_value": null
  },
  "special": {
    "infinity": "Infinity",
    "negative_infinity": "-Infinity",
    "nan": null
  }
}

=== ERRORS ===
[]
